###############################################################################
#
# IAR ELF Linker V9.30.1.335/W64 for ARM                  02/Apr/2024  14:23:45
# Copyright 2007-2022 IAR Systems AB.
#
#    Output file  =
#        C:\Users\ophir.parnassa\Documents\GitHub\QIF_UNIFIED_SW\Unified System
#        SW\EWARM\Unified System\Exe\Unified System.out
#    Map file     =
#        C:\Users\ophir.parnassa\Documents\GitHub\QIF_UNIFIED_SW\Unified System
#        SW\EWARM\Unified System\List\Unified System.map
#    Command line =
#        -f "C:\Users\ophir.parnassa\Documents\GitHub\QIF_UNIFIED_SW\Unified
#        System SW\EWARM\Unified System\Exe\Unified System.out.rsp"
#        ("C:\Users\ophir.parnassa\Documents\GitHub\QIF_UNIFIED_SW\Unified
#        System SW\EWARM\Unified System\Obj\Application\User\Core\main.o"
#        "C:\Users\ophir.parnassa\Documents\GitHub\QIF_UNIFIED_SW\Unified
#        System SW\EWARM\Unified System\Obj\PID_Control.o"
#        "C:\Users\ophir.parnassa\Documents\GitHub\QIF_UNIFIED_SW\Unified
#        System SW\EWARM\Unified System\Obj\Application\User\Core\Sensors.o"
#        "C:\Users\ophir.parnassa\Documents\GitHub\QIF_UNIFIED_SW\Unified
#        System SW\EWARM\Unified
#        System\Obj\Application\EWARM\startup_stm32l475xx.o"
#        "C:\Users\ophir.parnassa\Documents\GitHub\QIF_UNIFIED_SW\Unified
#        System SW\EWARM\Unified
#        System\Obj\Drivers\STM32L4xx_HAL_Driver\stm32l4xx_hal.o"
#        "C:\Users\ophir.parnassa\Documents\GitHub\QIF_UNIFIED_SW\Unified
#        System SW\EWARM\Unified
#        System\Obj\Drivers\STM32L4xx_HAL_Driver\stm32l4xx_hal_adc.o"
#        "C:\Users\ophir.parnassa\Documents\GitHub\QIF_UNIFIED_SW\Unified
#        System SW\EWARM\Unified
#        System\Obj\Drivers\STM32L4xx_HAL_Driver\stm32l4xx_hal_adc_ex.o"
#        "C:\Users\ophir.parnassa\Documents\GitHub\QIF_UNIFIED_SW\Unified
#        System SW\EWARM\Unified
#        System\Obj\Drivers\STM32L4xx_HAL_Driver\stm32l4xx_hal_cortex.o"
#        "C:\Users\ophir.parnassa\Documents\GitHub\QIF_UNIFIED_SW\Unified
#        System SW\EWARM\Unified
#        System\Obj\Drivers\STM32L4xx_HAL_Driver\stm32l4xx_hal_dma.o"
#        "C:\Users\ophir.parnassa\Documents\GitHub\QIF_UNIFIED_SW\Unified
#        System SW\EWARM\Unified
#        System\Obj\Drivers\STM32L4xx_HAL_Driver\stm32l4xx_hal_dma_ex.o"
#        "C:\Users\ophir.parnassa\Documents\GitHub\QIF_UNIFIED_SW\Unified
#        System SW\EWARM\Unified
#        System\Obj\Drivers\STM32L4xx_HAL_Driver\stm32l4xx_hal_exti.o"
#        "C:\Users\ophir.parnassa\Documents\GitHub\QIF_UNIFIED_SW\Unified
#        System SW\EWARM\Unified
#        System\Obj\Drivers\STM32L4xx_HAL_Driver\stm32l4xx_hal_flash.o"
#        "C:\Users\ophir.parnassa\Documents\GitHub\QIF_UNIFIED_SW\Unified
#        System SW\EWARM\Unified
#        System\Obj\Drivers\STM32L4xx_HAL_Driver\stm32l4xx_hal_flash_ex.o"
#        "C:\Users\ophir.parnassa\Documents\GitHub\QIF_UNIFIED_SW\Unified
#        System SW\EWARM\Unified
#        System\Obj\Drivers\STM32L4xx_HAL_Driver\stm32l4xx_hal_flash_ramfunc.o"
#        "C:\Users\ophir.parnassa\Documents\GitHub\QIF_UNIFIED_SW\Unified
#        System SW\EWARM\Unified
#        System\Obj\Drivers\STM32L4xx_HAL_Driver\stm32l4xx_hal_gpio.o"
#        "C:\Users\ophir.parnassa\Documents\GitHub\QIF_UNIFIED_SW\Unified
#        System SW\EWARM\Unified
#        System\Obj\Drivers\STM32L4xx_HAL_Driver\stm32l4xx_hal_i2c.o"
#        "C:\Users\ophir.parnassa\Documents\GitHub\QIF_UNIFIED_SW\Unified
#        System SW\EWARM\Unified
#        System\Obj\Drivers\STM32L4xx_HAL_Driver\stm32l4xx_hal_i2c_ex.o"
#        "C:\Users\ophir.parnassa\Documents\GitHub\QIF_UNIFIED_SW\Unified
#        System SW\EWARM\Unified
#        System\Obj\Application\User\Core\stm32l4xx_hal_msp.o"
#        "C:\Users\ophir.parnassa\Documents\GitHub\QIF_UNIFIED_SW\Unified
#        System SW\EWARM\Unified
#        System\Obj\Drivers\STM32L4xx_HAL_Driver\stm32l4xx_hal_pwr.o"
#        "C:\Users\ophir.parnassa\Documents\GitHub\QIF_UNIFIED_SW\Unified
#        System SW\EWARM\Unified
#        System\Obj\Drivers\STM32L4xx_HAL_Driver\stm32l4xx_hal_pwr_ex.o"
#        "C:\Users\ophir.parnassa\Documents\GitHub\QIF_UNIFIED_SW\Unified
#        System SW\EWARM\Unified
#        System\Obj\Drivers\STM32L4xx_HAL_Driver\stm32l4xx_hal_rcc.o"
#        "C:\Users\ophir.parnassa\Documents\GitHub\QIF_UNIFIED_SW\Unified
#        System SW\EWARM\Unified
#        System\Obj\Drivers\STM32L4xx_HAL_Driver\stm32l4xx_hal_rcc_ex.o"
#        "C:\Users\ophir.parnassa\Documents\GitHub\QIF_UNIFIED_SW\Unified
#        System SW\EWARM\Unified
#        System\Obj\Drivers\STM32L4xx_HAL_Driver\stm32l4xx_hal_spi.o"
#        "C:\Users\ophir.parnassa\Documents\GitHub\QIF_UNIFIED_SW\Unified
#        System SW\EWARM\Unified
#        System\Obj\Drivers\STM32L4xx_HAL_Driver\stm32l4xx_hal_spi_ex.o"
#        "C:\Users\ophir.parnassa\Documents\GitHub\QIF_UNIFIED_SW\Unified
#        System SW\EWARM\Unified
#        System\Obj\Drivers\STM32L4xx_HAL_Driver\stm32l4xx_hal_tim.o"
#        "C:\Users\ophir.parnassa\Documents\GitHub\QIF_UNIFIED_SW\Unified
#        System SW\EWARM\Unified
#        System\Obj\Drivers\STM32L4xx_HAL_Driver\stm32l4xx_hal_tim_ex.o"
#        "C:\Users\ophir.parnassa\Documents\GitHub\QIF_UNIFIED_SW\Unified
#        System SW\EWARM\Unified
#        System\Obj\Drivers\STM32L4xx_HAL_Driver\stm32l4xx_hal_uart.o"
#        "C:\Users\ophir.parnassa\Documents\GitHub\QIF_UNIFIED_SW\Unified
#        System SW\EWARM\Unified
#        System\Obj\Drivers\STM32L4xx_HAL_Driver\stm32l4xx_hal_uart_ex.o"
#        "C:\Users\ophir.parnassa\Documents\GitHub\QIF_UNIFIED_SW\Unified
#        System SW\EWARM\Unified
#        System\Obj\Application\User\Core\stm32l4xx_it.o"
#        "C:\Users\ophir.parnassa\Documents\GitHub\QIF_UNIFIED_SW\Unified
#        System SW\EWARM\Unified
#        System\Obj\Drivers\STM32L4xx_HAL_Driver\stm32l4xx_ll_dma.o"
#        "C:\Users\ophir.parnassa\Documents\GitHub\QIF_UNIFIED_SW\Unified
#        System SW\EWARM\Unified
#        System\Obj\Drivers\STM32L4xx_HAL_Driver\stm32l4xx_ll_exti.o"
#        "C:\Users\ophir.parnassa\Documents\GitHub\QIF_UNIFIED_SW\Unified
#        System SW\EWARM\Unified
#        System\Obj\Drivers\STM32L4xx_HAL_Driver\stm32l4xx_ll_gpio.o"
#        "C:\Users\ophir.parnassa\Documents\GitHub\QIF_UNIFIED_SW\Unified
#        System SW\EWARM\Unified
#        System\Obj\Drivers\STM32L4xx_HAL_Driver\stm32l4xx_ll_tim.o"
#        "C:\Users\ophir.parnassa\Documents\GitHub\QIF_UNIFIED_SW\Unified
#        System SW\EWARM\Unified
#        System\Obj\Drivers\STM32L4xx_HAL_Driver\stm32l4xx_ll_utils.o"
#        "C:\Users\ophir.parnassa\Documents\GitHub\QIF_UNIFIED_SW\Unified
#        System SW\EWARM\Unified System\Obj\Drivers\CMSIS\system_stm32l4xx.o"
#        --no_out_extension -o
#        "C:\Users\ophir.parnassa\Documents\GitHub\QIF_UNIFIED_SW\Unified
#        System SW\EWARM\Unified System\Exe\Unified System.out" --redirect
#        _Printf=_PrintfFullNoMb --redirect _Scanf=_ScanfFullNoMb --map
#        "C:\Users\ophir.parnassa\Documents\GitHub\QIF_UNIFIED_SW\Unified
#        System SW\EWARM\Unified System\List\Unified System.map" --config
#        "C:\Users\ophir.parnassa\Documents\GitHub\QIF_UNIFIED_SW\Unified
#        System SW\EWARM/stm32l475xx_flash.icf" --semihosting --entry
#        __iar_program_start --vfe --text_out locale --cpu=Cortex-M4
#        --fpu=VFPv4_sp)
#
###############################################################################

*******************************************************************************
*** RUNTIME MODEL ATTRIBUTES
***

CppFlavor       = *
__CPP_Runtime   = 1
__SystemLibrary = DLib
__dlib_version  = 6


*******************************************************************************
*** HEAP SELECTION
***

The basic heap was selected because --advanced_heap
was not specified and the application did not appear to
be primarily optimized for speed.


*******************************************************************************
*** PLACEMENT SUMMARY
***

"A0":  place at address 0x800'0000 { ro section .intvec };
"P1":  place in [from 0x800'0000 to 0x80f'ffff] { ro };
define block CSTACK with size = 1K, alignment = 8 { };
define block HEAP with size = 512, alignment = 8 { };
"P2":  place in [from 0x2000'0000 to 0x2001'7fff] {
          rw, block CSTACK, block HEAP };
"P3":  place in [from 0x2000'0000 to 0x2001'7fff] { };
initialize by copy { rw };

  Section            Kind         Address    Size  Object
  -------            ----         -------    ----  ------
"A0":                                       0x188
  .intvec            ro code   0x800'0000   0x188  startup_stm32l475xx.o [2]
                             - 0x800'0188   0x188

"P1":                                      0x4270
  .text              ro code   0x800'0188   0x87e  stm32l4xx_hal_tim.o [5]
  .text              ro code   0x800'0a06    0x2a  copy_init3.o [8]
  .text              ro code   0x800'0a30   0x334  stm32l4xx_hal_msp.o [3]
  .text              ro code   0x800'0d64     0x2  stm32l4xx_hal_tim.o [5]
  .text              ro code   0x800'0d66     0x2  stm32l4xx_hal_tim.o [5]
  .text              ro code   0x800'0d68     0x2  stm32l4xx_hal_tim.o [5]
  .text              ro code   0x800'0d6a     0x2  stm32l4xx_hal_tim.o [5]
  .text              ro code   0x800'0d6c     0x2  stm32l4xx_hal_tim_ex.o [5]
  .text              ro code   0x800'0d6e     0x2  stm32l4xx_hal_tim_ex.o [5]
  .text              ro code   0x800'0d70     0x2  stm32l4xx_hal_tim.o [5]
  .text              ro code   0x800'0d72     0x2  stm32l4xx_hal_tim_ex.o [5]
  .text              ro code   0x800'0d74     0x2  stm32l4xx_hal_tim.o [5]
  .text              ro code   0x800'0d78   0x5be  main.o [3]
  .text              ro code   0x800'1338   0x20c  stm32l4xx_hal_gpio.o [5]
  .text              ro code   0x800'1544    0x14  memset.o [8]
  .text              ro code   0x800'1558   0x544  stm32l4xx_hal_rcc_ex.o [5]
  .text              ro code   0x800'1a9c    0xc4  stm32l4xx_hal_cortex.o [5]
  .text              ro code   0x800'1b60    0x1e  stm32l4xx_hal.o [5]
  .text              ro code   0x800'1b80   0x5bc  stm32l4xx_hal_adc.o [5]
  .text              ro code   0x800'213c    0xe4  stm32l4xx_hal_adc_ex.o [5]
  .text              ro code   0x800'2220   0x6c8  stm32l4xx_hal_i2c.o [5]
  .text              ro code   0x800'28e8    0x7e  stm32l4xx_hal_i2c_ex.o [5]
  .text              ro code   0x800'2968    0xe0  stm32l4xx_hal_spi.o [5]
  .text              ro code   0x800'2a48   0x558  stm32l4xx_hal_uart.o [5]
  .text              ro code   0x800'2fa0   0x11c  stm32l4xx_hal_tim_ex.o [5]
  .text              ro code   0x800'30bc    0xcc  stm32l4xx_ll_tim.o [5]
  .text              ro code   0x800'3188   0x5a0  Sensors.o [3]
  .text              ro code   0x800'3728    0x60  PID_Control.o [1]
  .text              ro code   0x800'3788    0x7c  stm32l4xx_hal_pwr_ex.o [5]
  .text              ro code   0x800'3804   0x6f8  stm32l4xx_hal_rcc.o [5]
  .text              ro code   0x800'3efc    0x66  ABImemset.o [8]
  .text              ro code   0x800'3f64     0xc  stm32l4xx_hal.o [5]
  .text              ro code   0x800'3f70    0x44  stm32l4xx_hal.o [5]
  .text              ro code   0x800'3fb4   0x106  I64DivMod_small.o [8]
  .text              ro code   0x800'40bc    0x28  stm32l4xx_hal.o [5]
  .text              ro code   0x800'40e4    0x1e  sqrtf.o [7]
  .text              ro code   0x800'4104     0x2  I64DivZer.o [8]
  .text              ro code   0x800'4106    0x38  zero_init3.o [8]
  .rodata            const     0x800'4140    0x30  system_stm32l4xx.o [4]
  .text              ro code   0x800'4170    0x28  data_init.o [8]
  .text              ro code   0x800'4198    0x22  fpinit_M.o [7]
  .iar.init_table    const     0x800'41bc    0x24  - Linker created -
  .text              ro code   0x800'41e0    0x20  stm32l4xx_it.o [3]
  .text              ro code   0x800'4200    0x10  stm32l4xx_hal.o [5]
  .text              ro code   0x800'4210    0x20  system_stm32l4xx.o [4]
  .text              ro code   0x800'4230    0x1e  cmain.o [8]
  .text              ro code   0x800'424e     0x4  low_level_init.o [6]
  .text              ro code   0x800'4252     0x4  exit.o [6]
  .text              ro code   0x800'4258     0xa  cexit.o [8]
  .text              ro code   0x800'4264    0x14  exit.o [9]
  .text              ro code   0x800'4278    0x1c  cstartup_M.o [8]
  .text              ro code   0x800'4294    0x10  startup_stm32l475xx.o [2]
  Initializer bytes  const     0x800'42a4    0x10  <for P2-P3-1>
  .rodata            const     0x800'42b4     0x8  system_stm32l4xx.o [4]
  .text              ro code   0x800'42bc     0x4  startup_stm32l475xx.o [2]
  .text              ro code   0x800'42c0     0x4  startup_stm32l475xx.o [2]
  .text              ro code   0x800'42c4     0x4  startup_stm32l475xx.o [2]
  .text              ro code   0x800'42c8     0x4  startup_stm32l475xx.o [2]
  .text              ro code   0x800'42cc     0x4  startup_stm32l475xx.o [2]
  .text              ro code   0x800'42d0     0x4  startup_stm32l475xx.o [2]
  .text              ro code   0x800'42d4     0x4  startup_stm32l475xx.o [2]
  .text              ro code   0x800'42d8     0x4  startup_stm32l475xx.o [2]
  .text              ro code   0x800'42dc     0x4  startup_stm32l475xx.o [2]
  .text              ro code   0x800'42e0     0x4  startup_stm32l475xx.o [2]
  .text              ro code   0x800'42e4     0x4  startup_stm32l475xx.o [2]
  .text              ro code   0x800'42e8     0x4  startup_stm32l475xx.o [2]
  .text              ro code   0x800'42ec     0x4  startup_stm32l475xx.o [2]
  .text              ro code   0x800'42f0     0x4  startup_stm32l475xx.o [2]
  .text              ro code   0x800'42f4     0x4  startup_stm32l475xx.o [2]
  .text              ro code   0x800'42f8     0x4  startup_stm32l475xx.o [2]
  .text              ro code   0x800'42fc     0x4  startup_stm32l475xx.o [2]
  .text              ro code   0x800'4300     0x4  startup_stm32l475xx.o [2]
  .text              ro code   0x800'4304     0x4  startup_stm32l475xx.o [2]
  .text              ro code   0x800'4308     0x4  startup_stm32l475xx.o [2]
  .text              ro code   0x800'430c     0x4  startup_stm32l475xx.o [2]
  .text              ro code   0x800'4310     0x4  startup_stm32l475xx.o [2]
  .text              ro code   0x800'4314     0x4  startup_stm32l475xx.o [2]
  .text              ro code   0x800'4318     0x4  startup_stm32l475xx.o [2]
  .text              ro code   0x800'431c     0x4  startup_stm32l475xx.o [2]
  .text              ro code   0x800'4320     0x4  startup_stm32l475xx.o [2]
  .text              ro code   0x800'4324     0x4  startup_stm32l475xx.o [2]
  .text              ro code   0x800'4328     0x4  startup_stm32l475xx.o [2]
  .text              ro code   0x800'432c     0x4  startup_stm32l475xx.o [2]
  .text              ro code   0x800'4330     0x4  startup_stm32l475xx.o [2]
  .text              ro code   0x800'4334     0x4  startup_stm32l475xx.o [2]
  .text              ro code   0x800'4338     0x4  startup_stm32l475xx.o [2]
  .text              ro code   0x800'433c     0x4  startup_stm32l475xx.o [2]
  .text              ro code   0x800'4340     0x4  startup_stm32l475xx.o [2]
  .text              ro code   0x800'4344     0x4  startup_stm32l475xx.o [2]
  .text              ro code   0x800'4348     0x4  startup_stm32l475xx.o [2]
  .text              ro code   0x800'434c     0x4  startup_stm32l475xx.o [2]
  .text              ro code   0x800'4350     0x4  startup_stm32l475xx.o [2]
  .text              ro code   0x800'4354     0x4  startup_stm32l475xx.o [2]
  .text              ro code   0x800'4358     0x4  startup_stm32l475xx.o [2]
  .text              ro code   0x800'435c     0x4  startup_stm32l475xx.o [2]
  .text              ro code   0x800'4360     0x4  startup_stm32l475xx.o [2]
  .text              ro code   0x800'4364     0x4  startup_stm32l475xx.o [2]
  .text              ro code   0x800'4368     0x4  startup_stm32l475xx.o [2]
  .text              ro code   0x800'436c     0x4  startup_stm32l475xx.o [2]
  .text              ro code   0x800'4370     0x4  startup_stm32l475xx.o [2]
  .text              ro code   0x800'4374     0x4  startup_stm32l475xx.o [2]
  .text              ro code   0x800'4378     0x4  startup_stm32l475xx.o [2]
  .text              ro code   0x800'437c     0x4  startup_stm32l475xx.o [2]
  .text              ro code   0x800'4380     0x4  startup_stm32l475xx.o [2]
  .text              ro code   0x800'4384     0x4  startup_stm32l475xx.o [2]
  .text              ro code   0x800'4388     0x4  startup_stm32l475xx.o [2]
  .text              ro code   0x800'438c     0x4  startup_stm32l475xx.o [2]
  .text              ro code   0x800'4390     0x4  startup_stm32l475xx.o [2]
  .text              ro code   0x800'4394     0x4  startup_stm32l475xx.o [2]
  .text              ro code   0x800'4398     0x4  startup_stm32l475xx.o [2]
  .text              ro code   0x800'439c     0x4  startup_stm32l475xx.o [2]
  .text              ro code   0x800'43a0     0x4  startup_stm32l475xx.o [2]
  .text              ro code   0x800'43a4     0x4  startup_stm32l475xx.o [2]
  .text              ro code   0x800'43a8     0x4  startup_stm32l475xx.o [2]
  .text              ro code   0x800'43ac     0x4  startup_stm32l475xx.o [2]
  .text              ro code   0x800'43b0     0x4  startup_stm32l475xx.o [2]
  .text              ro code   0x800'43b4     0x4  startup_stm32l475xx.o [2]
  .text              ro code   0x800'43b8     0x4  startup_stm32l475xx.o [2]
  .text              ro code   0x800'43bc     0x4  startup_stm32l475xx.o [2]
  .text              ro code   0x800'43c0     0x4  startup_stm32l475xx.o [2]
  .text              ro code   0x800'43c4     0x4  startup_stm32l475xx.o [2]
  .text              ro code   0x800'43c8     0x4  startup_stm32l475xx.o [2]
  .text              ro code   0x800'43cc     0x4  startup_stm32l475xx.o [2]
  .text              ro code   0x800'43d0     0x4  startup_stm32l475xx.o [2]
  .text              ro code   0x800'43d4     0x4  startup_stm32l475xx.o [2]
  .text              ro code   0x800'43d8     0x4  startup_stm32l475xx.o [2]
  .text              ro code   0x800'43dc     0x4  startup_stm32l475xx.o [2]
  .text              ro code   0x800'43e0     0x4  startup_stm32l475xx.o [2]
  .text              ro code   0x800'43e4     0x4  startup_stm32l475xx.o [2]
  .text              ro code   0x800'43e8     0x4  startup_stm32l475xx.o [2]
  .text              ro code   0x800'43ec     0x4  startup_stm32l475xx.o [2]
  .text              ro code   0x800'43f0     0x4  startup_stm32l475xx.o [2]
  .text              ro code   0x800'43f4     0x4  startup_stm32l475xx.o [2]
  .rodata            const     0x800'43f8     0x0  zero_init3.o [8]
  .rodata            const     0x800'43f8     0x0  copy_init3.o [8]
                             - 0x800'43f8  0x4270

"P2-P3", part 1 of 3:                        0x10
  P2-P3-1                     0x2000'0000    0x10  <Init block>
    .data            inited   0x2000'0000     0xc  stm32l4xx_hal.o [5]
    .data            inited   0x2000'000c     0x4  system_stm32l4xx.o [4]
                            - 0x2000'0010    0x10

"P2-P3", part 2 of 3:                       0x454
  .bss               zero     0x2000'0010   0x290  main.o [3]
  .bss               zero     0x2000'02a0   0x1c0  Sensors.o [3]
  .bss               zero     0x2000'0460     0x4  PID_Control.o [1]
                            - 0x2000'0464   0x454

"P2-P3", part 3 of 3:                       0x400
  CSTACK                      0x2000'0468   0x400  <Block>
    CSTACK           uninit   0x2000'0468   0x400  <Block tail>
                            - 0x2000'0868   0x400

Unused ranges:

         From           To      Size
         ----           --      ----
   0x800'43f8   0x80f'ffff  0xf'bc08
  0x2000'0464  0x2000'0467       0x4
  0x2000'0868  0x2001'7fff  0x1'7798


*******************************************************************************
*** INIT TABLE
***

          Address      Size
          -------      ----
Zero (__iar_zero_init3)
    1 destination range, total size 0x454:
          0x2000'0010  0x454

Copy (__iar_copy_init3)
    1 source range, total size 0x10:
           0x800'42a4   0x10
    1 destination range, total size 0x10:
          0x2000'0000   0x10



*******************************************************************************
*** MODULE SUMMARY
***

    Module                  ro code  ro data  rw data
    ------                  -------  -------  -------
command line/config:
    -------------------------------------------------
    Total:

C:\Users\ophir.parnassa\Documents\GitHub\QIF_UNIFIED_SW\Unified System SW\EWARM\Unified System\Obj: [1]
    PID_Control.o                96                 4
    -------------------------------------------------
    Total:                       96                 4

C:\Users\ophir.parnassa\Documents\GitHub\QIF_UNIFIED_SW\Unified System SW\EWARM\Unified System\Obj\Application\EWARM: [2]
    startup_stm32l475xx.o       724
    -------------------------------------------------
    Total:                      724

C:\Users\ophir.parnassa\Documents\GitHub\QIF_UNIFIED_SW\Unified System SW\EWARM\Unified System\Obj\Application\User\Core: [3]
    Sensors.o                 1'440               448
    main.o                    1'470               656
    stm32l4xx_hal_msp.o         820
    stm32l4xx_it.o               32
    -------------------------------------------------
    Total:                    3'762             1'104

C:\Users\ophir.parnassa\Documents\GitHub\QIF_UNIFIED_SW\Unified System SW\EWARM\Unified System\Obj\Drivers\CMSIS: [4]
    system_stm32l4xx.o           32       60        4
    -------------------------------------------------
    Total:                       32       60        4

C:\Users\ophir.parnassa\Documents\GitHub\QIF_UNIFIED_SW\Unified System SW\EWARM\Unified System\Obj\Drivers\STM32L4xx_HAL_Driver: [5]
    stm32l4xx_hal.o             166       12       12
    stm32l4xx_hal_adc.o       1'468
    stm32l4xx_hal_adc_ex.o      228
    stm32l4xx_hal_cortex.o      196
    stm32l4xx_hal_gpio.o        524
    stm32l4xx_hal_i2c.o       1'736
    stm32l4xx_hal_i2c_ex.o      126
    stm32l4xx_hal_pwr_ex.o      124
    stm32l4xx_hal_rcc.o       1'784
    stm32l4xx_hal_rcc_ex.o    1'348
    stm32l4xx_hal_spi.o         224
    stm32l4xx_hal_tim.o       2'186
    stm32l4xx_hal_tim_ex.o      290
    stm32l4xx_hal_uart.o      1'368
    stm32l4xx_ll_tim.o          204
    -------------------------------------------------
    Total:                   11'972       12       12

dl7M_tln.a: [6]
    exit.o                        4
    low_level_init.o              4
    -------------------------------------------------
    Total:                        8

m7M_tls.a: [7]
    fpinit_M.o                   34
    sqrtf.o                      30
    -------------------------------------------------
    Total:                       64

rt7M_tl.a: [8]
    ABImemset.o                 102
    I64DivMod_small.o           262
    I64DivZer.o                   2
    cexit.o                      10
    cmain.o                      30
    copy_init3.o                 42
    cstartup_M.o                 28
    data_init.o                  40
    memset.o                     20
    zero_init3.o                 56
    -------------------------------------------------
    Total:                      592

shb_l.a: [9]
    exit.o                       20
    -------------------------------------------------
    Total:                       20

    Gaps                         18        4
    Linker created                        36    1'024
-----------------------------------------------------
    Grand Total:             17'288      112    2'148


*******************************************************************************
*** ENTRY LIST
***

Entry                       Address   Size  Type      Object
-----                       -------   ----  ----      ------
.iar.init_table$$Base    0x800'41bc          --   Gb  - Linker created -
.iar.init_table$$Limit   0x800'41e0          --   Gb  - Linker created -
?main                    0x800'4231         Code  Gb  cmain.o [8]
ADC1_2_IRQHandler        0x800'4305         Code  Wk  startup_stm32l475xx.o [2]
ADC3_IRQHandler          0x800'4375         Code  Wk  startup_stm32l475xx.o [2]
AHBPrescTable            0x800'4220   0x10  Data  Gb  system_stm32l4xx.o [4]
APBPrescTable            0x800'42b4    0x8  Data  Gb  system_stm32l4xx.o [4]
BusFault_Handler         0x800'41e7    0x2  Code  Gb  stm32l4xx_it.o [3]
CAN1_RX0_IRQHandler      0x800'430d         Code  Wk  startup_stm32l475xx.o [2]
CAN1_RX1_IRQHandler      0x800'4311         Code  Wk  startup_stm32l475xx.o [2]
CAN1_SCE_IRQHandler      0x800'4315         Code  Wk  startup_stm32l475xx.o [2]
CAN1_TX_IRQHandler       0x800'4309         Code  Wk  startup_stm32l475xx.o [2]
COMP_IRQHandler          0x800'43b9         Code  Wk  startup_stm32l475xx.o [2]
CSTACK$$Base            0x2000'0468          --   Gb  - Linker created -
CSTACK$$Limit           0x2000'0868          --   Gb  - Linker created -
Calculate_PID            0x800'3729   0x60  Code  Gb  PID_Control.o [1]
Calculate_PID::fI_t     0x2000'0460    0x4  Data  Lc  PID_Control.o [1]
Calculate_Temps          0x800'3525  0x17a  Code  Gb  Sensors.o [3]
DFSDM1_FLT0_IRQHandler   0x800'43ad         Code  Wk  startup_stm32l475xx.o [2]
DFSDM1_FLT1_IRQHandler   0x800'43b1         Code  Wk  startup_stm32l475xx.o [2]
DFSDM1_FLT2_IRQHandler   0x800'43b5         Code  Wk  startup_stm32l475xx.o [2]
DFSDM1_FLT3_IRQHandler   0x800'4361         Code  Wk  startup_stm32l475xx.o [2]
DMA1_Channel1_IRQHandler
                         0x800'42e9         Code  Wk  startup_stm32l475xx.o [2]
DMA1_Channel2_IRQHandler
                         0x800'42ed         Code  Wk  startup_stm32l475xx.o [2]
DMA1_Channel3_IRQHandler
                         0x800'42f1         Code  Wk  startup_stm32l475xx.o [2]
DMA1_Channel4_IRQHandler
                         0x800'42f5         Code  Wk  startup_stm32l475xx.o [2]
DMA1_Channel5_IRQHandler
                         0x800'42f9         Code  Wk  startup_stm32l475xx.o [2]
DMA1_Channel6_IRQHandler
                         0x800'42fd         Code  Wk  startup_stm32l475xx.o [2]
DMA1_Channel7_IRQHandler
                         0x800'4301         Code  Wk  startup_stm32l475xx.o [2]
DMA2_Channel1_IRQHandler
                         0x800'4399         Code  Wk  startup_stm32l475xx.o [2]
DMA2_Channel2_IRQHandler
                         0x800'439d         Code  Wk  startup_stm32l475xx.o [2]
DMA2_Channel3_IRQHandler
                         0x800'43a1         Code  Wk  startup_stm32l475xx.o [2]
DMA2_Channel4_IRQHandler
                         0x800'43a5         Code  Wk  startup_stm32l475xx.o [2]
DMA2_Channel5_IRQHandler
                         0x800'43a9         Code  Wk  startup_stm32l475xx.o [2]
DMA2_Channel6_IRQHandler
                         0x800'43c9         Code  Wk  startup_stm32l475xx.o [2]
DMA2_Channel7_IRQHandler
                         0x800'43cd         Code  Wk  startup_stm32l475xx.o [2]
DebugMon_Handler         0x800'41ed    0x2  Code  Gb  stm32l4xx_it.o [3]
EXTI0_IRQHandler         0x800'42d5         Code  Wk  startup_stm32l475xx.o [2]
EXTI15_10_IRQHandler     0x800'4359         Code  Wk  startup_stm32l475xx.o [2]
EXTI1_IRQHandler         0x800'42d9         Code  Wk  startup_stm32l475xx.o [2]
EXTI2_IRQHandler         0x800'42dd         Code  Wk  startup_stm32l475xx.o [2]
EXTI3_IRQHandler         0x800'42e1         Code  Wk  startup_stm32l475xx.o [2]
EXTI4_IRQHandler         0x800'42e5         Code  Wk  startup_stm32l475xx.o [2]
EXTI9_5_IRQHandler       0x800'4319         Code  Wk  startup_stm32l475xx.o [2]
Error_Handler            0x800'1333    0x4  Code  Gb  main.o [3]
FLASH_IRQHandler         0x800'42cd         Code  Wk  startup_stm32l475xx.o [2]
FMC_IRQHandler           0x800'4379         Code  Wk  startup_stm32l475xx.o [2]
FPU_IRQHandler           0x800'43f5         Code  Wk  startup_stm32l475xx.o [2]
HAL_ADCEx_MultiModeConfigChannel
                         0x800'213d   0xc2  Code  Gb  stm32l4xx_hal_adc_ex.o [5]
HAL_ADC_ConfigChannel    0x800'1d89  0x338  Code  Gb  stm32l4xx_hal_adc.o [5]
HAL_ADC_Init             0x800'1bc5  0x19c  Code  Gb  stm32l4xx_hal_adc.o [5]
HAL_ADC_MspInit          0x800'0a5f   0xa2  Code  Gb  stm32l4xx_hal_msp.o [3]
HAL_Delay                0x800'40bd   0x28  Code  Wk  stm32l4xx_hal.o [5]
HAL_GPIO_Init            0x800'1339  0x1de  Code  Gb  stm32l4xx_hal_gpio.o [5]
HAL_GPIO_WritePin        0x800'1517    0xa  Code  Gb  stm32l4xx_hal_gpio.o [5]
HAL_GetTick              0x800'3f65    0xc  Code  Wk  stm32l4xx_hal.o [5]
HAL_I2CEx_ConfigAnalogFilter
                         0x800'28e9   0x2a  Code  Gb  stm32l4xx_hal_i2c_ex.o [5]
HAL_I2CEx_ConfigDigitalFilter
                         0x800'2913   0x26  Code  Gb  stm32l4xx_hal_i2c_ex.o [5]
HAL_I2C_Init             0x800'2221   0xa8  Code  Gb  stm32l4xx_hal_i2c.o [5]
HAL_I2C_Master_Transmit
                         0x800'22d9   0xc2  Code  Gb  stm32l4xx_hal_i2c.o [5]
HAL_I2C_Mem_Read         0x800'2563   0xe0  Code  Gb  stm32l4xx_hal_i2c.o [5]
HAL_I2C_Mem_Write        0x800'23e3   0xd2  Code  Gb  stm32l4xx_hal_i2c.o [5]
HAL_I2C_MspInit          0x800'0b01   0x86  Code  Gb  stm32l4xx_hal_msp.o [3]
HAL_IncTick              0x800'4201   0x10  Code  Wk  stm32l4xx_hal.o [5]
HAL_Init                 0x800'1b61   0x1e  Code  Gb  stm32l4xx_hal.o [5]
HAL_InitTick             0x800'3f71   0x44  Code  Wk  stm32l4xx_hal.o [5]
HAL_MspInit              0x800'0a31   0x2e  Code  Gb  stm32l4xx_hal_msp.o [3]
HAL_NVIC_EnableIRQ       0x800'1b0d   0x16  Code  Gb  stm32l4xx_hal_cortex.o [5]
HAL_NVIC_SetPriority     0x800'1ad1   0x3a  Code  Gb  stm32l4xx_hal_cortex.o [5]
HAL_NVIC_SetPriorityGrouping
                         0x800'1ab7   0x1a  Code  Gb  stm32l4xx_hal_cortex.o [5]
HAL_PWREx_ControlVoltageScaling
                         0x800'3795   0x62  Code  Gb  stm32l4xx_hal_pwr_ex.o [5]
HAL_PWREx_GetVoltageRange
                         0x800'3789    0xc  Code  Gb  stm32l4xx_hal_pwr_ex.o [5]
HAL_RCCEx_PeriphCLKConfig
                         0x800'1559  0x31e  Code  Gb  stm32l4xx_hal_rcc_ex.o [5]
HAL_RCC_ClockConfig      0x800'3c5d   0xfa  Code  Gb  stm32l4xx_hal_rcc.o [5]
HAL_RCC_GetPCLK1Freq     0x800'3e1f   0x10  Code  Gb  stm32l4xx_hal_rcc.o [5]
HAL_RCC_GetPCLK2Freq     0x800'3e2f    0xe  Code  Gb  stm32l4xx_hal_rcc.o [5]
HAL_RCC_GetSysClockFreq
                         0x800'3d8d   0x92  Code  Gb  stm32l4xx_hal_rcc.o [5]
HAL_RCC_OscConfig        0x800'3805  0x420  Code  Gb  stm32l4xx_hal_rcc.o [5]
HAL_SPI_Init             0x800'2969   0xd4  Code  Gb  stm32l4xx_hal_spi.o [5]
HAL_SPI_MspInit          0x800'0bc5   0x56  Code  Gb  stm32l4xx_hal_msp.o [3]
HAL_SYSTICK_Config       0x800'1b23   0x22  Code  Gb  stm32l4xx_hal_cortex.o [5]
HAL_TIMEx_Break2Callback
                         0x800'0d6f    0x2  Code  Wk  stm32l4xx_hal_tim_ex.o [5]
HAL_TIMEx_BreakCallback
                         0x800'0d6d    0x2  Code  Wk  stm32l4xx_hal_tim_ex.o [5]
HAL_TIMEx_CommutCallback
                         0x800'0d73    0x2  Code  Wk  stm32l4xx_hal_tim_ex.o [5]
HAL_TIMEx_ConfigBreakDeadTime
                         0x800'3021   0x84  Code  Gb  stm32l4xx_hal_tim_ex.o [5]
HAL_TIMEx_MasterConfigSynchronization
                         0x800'2fa1   0x7a  Code  Gb  stm32l4xx_hal_tim_ex.o [5]
HAL_TIM_Base_Init        0x800'0189   0x1a  Code  Gb  stm32l4xx_hal_tim.o [5]
HAL_TIM_Base_MspInit     0x800'0c1b   0x4e  Code  Gb  stm32l4xx_hal_msp.o [3]
HAL_TIM_ConfigClockSource
                         0x800'0573   0xaa  Code  Gb  stm32l4xx_hal_tim.o [5]
HAL_TIM_IC_CaptureCallback
                         0x800'0d67    0x2  Code  Wk  stm32l4xx_hal_tim.o [5]
HAL_TIM_IRQHandler       0x800'0311  0x140  Code  Gb  stm32l4xx_hal_tim.o [5]
HAL_TIM_MspPostInit      0x800'0c69   0x44  Code  Gb  stm32l4xx_hal_msp.o [3]
HAL_TIM_OC_DelayElapsedCallback
                         0x800'0d69    0x2  Code  Wk  stm32l4xx_hal_tim.o [5]
HAL_TIM_PWM_ConfigChannel
                         0x800'0461  0x104  Code  Gb  stm32l4xx_hal_tim.o [5]
HAL_TIM_PWM_Init         0x800'01cf   0x1a  Code  Gb  stm32l4xx_hal_tim.o [5]
HAL_TIM_PWM_MspInit      0x800'0d65    0x2  Code  Wk  stm32l4xx_hal_tim.o [5]
HAL_TIM_PWM_PulseFinishedCallback
                         0x800'0d75    0x2  Code  Wk  stm32l4xx_hal_tim.o [5]
HAL_TIM_PWM_Start        0x800'01e9   0xce  Code  Gb  stm32l4xx_hal_tim.o [5]
HAL_TIM_PeriodElapsedCallback
                         0x800'0d6b    0x2  Code  Wk  stm32l4xx_hal_tim.o [5]
HAL_TIM_TriggerCallback
                         0x800'0d71    0x2  Code  Wk  stm32l4xx_hal_tim.o [5]
HAL_UART_Init            0x800'2a49   0x34  Code  Gb  stm32l4xx_hal_uart.o [5]
HAL_UART_MspInit         0x800'0cb9   0x64  Code  Gb  stm32l4xx_hal_msp.o [3]
HardFault_Handler        0x800'41e3    0x2  Code  Gb  stm32l4xx_it.o [3]
I2C1_ER_IRQHandler       0x800'4339         Code  Wk  startup_stm32l475xx.o [2]
I2C1_EV_IRQHandler       0x800'4335         Code  Wk  startup_stm32l475xx.o [2]
I2C2_ER_IRQHandler       0x800'4341         Code  Wk  startup_stm32l475xx.o [2]
I2C2_EV_IRQHandler       0x800'433d         Code  Wk  startup_stm32l475xx.o [2]
I2C3_ER_IRQHandler       0x800'43dd         Code  Wk  startup_stm32l475xx.o [2]
I2C3_EV_IRQHandler       0x800'43d9         Code  Wk  startup_stm32l475xx.o [2]
I2C_Flush_TXDR           0x800'26b9   0x1c  Code  Lc  stm32l4xx_hal_i2c.o [5]
I2C_IsErrorOccurred      0x800'27c5   0xea  Code  Lc  stm32l4xx_hal_i2c.o [5]
I2C_TransferConfig       0x800'28bb   0x26  Code  Lc  stm32l4xx_hal_i2c.o [5]
I2C_WaitOnFlagUntilTimeout
                         0x800'26d5   0x54  Code  Lc  stm32l4xx_hal_i2c.o [5]
I2C_WaitOnSTOPFlagUntilTimeout
                         0x800'2783   0x3a  Code  Lc  stm32l4xx_hal_i2c.o [5]
I2C_WaitOnTXISFlagUntilTimeout
                         0x800'2729   0x42  Code  Lc  stm32l4xx_hal_i2c.o [5]
IsDataReady              0x800'36a5   0x50  Code  Gb  Sensors.o [3]
LL_ADC_GetOffsetChannel
                         0x800'1b81    0xe  Code  Lc  stm32l4xx_hal_adc.o [5]
LL_ADC_SetChannelSamplingTime
                         0x800'1ba1   0x24  Code  Lc  stm32l4xx_hal_adc.o [5]
LL_ADC_SetOffsetState    0x800'1b8f   0x12  Code  Lc  stm32l4xx_hal_adc.o [5]
LL_TIM_Init              0x800'30bd   0xaa  Code  Gb  stm32l4xx_ll_tim.o [5]
LPTIM1_IRQHandler        0x800'43bd         Code  Wk  startup_stm32l475xx.o [2]
LPTIM2_IRQHandler        0x800'43c1         Code  Wk  startup_stm32l475xx.o [2]
LPUART1_IRQHandler       0x800'43d1         Code  Wk  startup_stm32l475xx.o [2]
MSIRangeTable            0x800'4140   0x30  Data  Gb  system_stm32l4xx.o [4]
MemManage_Handler        0x800'41e5    0x2  Code  Gb  stm32l4xx_it.o [3]
NMI_Handler              0x800'41e1    0x2  Code  Gb  stm32l4xx_it.o [3]
OTG_FS_IRQHandler        0x800'43c5         Code  Wk  startup_stm32l475xx.o [2]
PVD_PVM_IRQHandler       0x800'42c1         Code  Wk  startup_stm32l475xx.o [2]
PendSV_Handler           0x800'41ef    0x2  Code  Gb  stm32l4xx_it.o [3]
QIF_Read_I2C_EE          0x800'3283    0x2  Code  Gb  Sensors.o [3]
QIF_Read_I2C_Register    0x800'3207    0x4  Code  Gb  Sensors.o [3]
QIF_Write_I2C_EE         0x800'320b   0x78  Code  Gb  Sensors.o [3]
QIF_Write_I2C_Register   0x800'31cb   0x3c  Code  Gb  Sensors.o [3]
QUADSPI_IRQHandler       0x800'43d5         Code  Wk  startup_stm32l475xx.o [2]
RCCEx_PLLSAI1_Config     0x800'1891   0xe6  Code  Lc  stm32l4xx_hal_rcc_ex.o [5]
RCCEx_PLLSAI2_Config     0x800'197d   0xce  Code  Lc  stm32l4xx_hal_rcc_ex.o [5]
RCC_IRQHandler           0x800'42d1         Code  Wk  startup_stm32l475xx.o [2]
RCC_SetFlashLatencyFromMSIRange
                         0x800'3e47   0x74  Code  Lc  stm32l4xx_hal_rcc.o [5]
RNG_IRQHandler           0x800'43f1         Code  Wk  startup_stm32l475xx.o [2]
RTC_Alarm_IRQHandler     0x800'435d         Code  Wk  startup_stm32l475xx.o [2]
RTC_WKUP_IRQHandler      0x800'42c9         Code  Wk  startup_stm32l475xx.o [2]
Region$$Table$$Base      0x800'41bc          --   Gb  - Linker created -
Region$$Table$$Limit     0x800'41e0          --   Gb  - Linker created -
Reset_Handler            0x800'4295         Code  Wk  startup_stm32l475xx.o [2]
Reset_Sensors            0x800'32b9   0x1c  Code  Gb  Sensors.o [3]
SAI1_IRQHandler          0x800'43e1         Code  Wk  startup_stm32l475xx.o [2]
SAI2_IRQHandler          0x800'43e5         Code  Wk  startup_stm32l475xx.o [2]
SDMMC1_IRQHandler        0x800'437d         Code  Wk  startup_stm32l475xx.o [2]
SPI1_IRQHandler          0x800'4345         Code  Wk  startup_stm32l475xx.o [2]
SPI2_IRQHandler          0x800'4349         Code  Wk  startup_stm32l475xx.o [2]
SPI3_IRQHandler          0x800'4385         Code  Wk  startup_stm32l475xx.o [2]
SVC_Handler              0x800'41eb    0x2  Code  Gb  stm32l4xx_it.o [3]
SWPMI1_IRQHandler        0x800'43e9         Code  Wk  startup_stm32l475xx.o [2]
Senors_I2C_Init          0x800'3301  0x1e8  Code  Gb  Sensors.o [3]
Senors_I2C_Init::EE_Meas_Adress
                         0x800'3718    0x8  Data  Lc  Sensors.o [3]
Senors_I2C_Init::EE_Meas_Data
                         0x800'3720    0x8  Data  Lc  Sensors.o [3]
SwapLsbMsb               0x800'3189   0x22  Code  Gb  Sensors.o [3]
SysTick_Handler          0x800'41f1    0x4  Code  Gb  stm32l4xx_it.o [3]
SystemClock_Config       0x800'12b3   0x76  Code  Gb  main.o [3]
SystemCoreClock         0x2000'000c    0x4  Data  Gb  system_stm32l4xx.o [4]
SystemInit               0x800'4211    0xc  Code  Gb  system_stm32l4xx.o [4]
TAMP_STAMP_IRQHandler    0x800'42c5         Code  Wk  startup_stm32l475xx.o [2]
TIM1_BRK_TIM15_IRQHandler
                         0x800'431d         Code  Wk  startup_stm32l475xx.o [2]
TIM1_CC_IRQHandler       0x800'4329         Code  Wk  startup_stm32l475xx.o [2]
TIM1_TRG_COM_TIM17_IRQHandler
                         0x800'4325         Code  Wk  startup_stm32l475xx.o [2]
TIM1_UP_TIM16_IRQHandler
                         0x800'4321         Code  Wk  startup_stm32l475xx.o [2]
TIM2_IRQHandler          0x800'432d         Code  Wk  startup_stm32l475xx.o [2]
TIM3_IRQHandler          0x800'4331         Code  Wk  startup_stm32l475xx.o [2]
TIM4_IRQHandler          0x800'41f5    0x6  Code  Gb  stm32l4xx_it.o [3]
TIM5_IRQHandler          0x800'4381         Code  Wk  startup_stm32l475xx.o [2]
TIM6_DAC_IRQHandler      0x800'4391         Code  Wk  startup_stm32l475xx.o [2]
TIM7_IRQHandler          0x800'4395         Code  Wk  startup_stm32l475xx.o [2]
TIM8_BRK_IRQHandler      0x800'4365         Code  Wk  startup_stm32l475xx.o [2]
TIM8_CC_IRQHandler       0x800'4371         Code  Wk  startup_stm32l475xx.o [2]
TIM8_TRG_COM_IRQHandler
                         0x800'436d         Code  Wk  startup_stm32l475xx.o [2]
TIM8_UP_IRQHandler       0x800'4369         Code  Wk  startup_stm32l475xx.o [2]
TIM_Base_SetConfig       0x800'0639   0xb2  Code  Gb  stm32l4xx_hal_tim.o [5]
TIM_CCxChannelCmd        0x800'09eb   0x16  Code  Gb  stm32l4xx_hal_tim.o [5]
TIM_ETR_SetConfig        0x800'09d7   0x14  Code  Gb  stm32l4xx_hal_tim.o [5]
TIM_ITRx_SetConfig       0x800'09c7   0x10  Code  Lc  stm32l4xx_hal_tim.o [5]
TIM_OC1_SetConfig        0x800'06eb   0x84  Code  Lc  stm32l4xx_hal_tim.o [5]
TIM_OC2_SetConfig        0x800'076f   0x72  Code  Gb  stm32l4xx_hal_tim.o [5]
TIM_OC3_SetConfig        0x800'07e1   0x70  Code  Lc  stm32l4xx_hal_tim.o [5]
TIM_OC4_SetConfig        0x800'0851   0x4e  Code  Lc  stm32l4xx_hal_tim.o [5]
TIM_OC5_SetConfig        0x800'089f   0x54  Code  Lc  stm32l4xx_hal_tim.o [5]
TIM_OC6_SetConfig        0x800'08f3   0x4e  Code  Lc  stm32l4xx_hal_tim.o [5]
TIM_TI1_ConfigInputStage
                         0x800'0985   0x1e  Code  Lc  stm32l4xx_hal_tim.o [5]
TIM_TI2_ConfigInputStage
                         0x800'09a3   0x24  Code  Lc  stm32l4xx_hal_tim.o [5]
TSC_IRQHandler           0x800'43ed         Code  Wk  startup_stm32l475xx.o [2]
UART4_IRQHandler         0x800'4389         Code  Wk  startup_stm32l475xx.o [2]
UART5_IRQHandler         0x800'438d         Code  Wk  startup_stm32l475xx.o [2]
UART_AdvFeatureConfig    0x800'2d21   0xc6  Code  Gb  stm32l4xx_hal_uart.o [5]
UART_CheckIdleState      0x800'2de7   0x8e  Code  Gb  stm32l4xx_hal_uart.o [5]
UART_EndRxTransfer       0x800'2f0d   0x22  Code  Lc  stm32l4xx_hal_uart.o [5]
UART_SetConfig           0x800'2afd  0x222  Code  Gb  stm32l4xx_hal_uart.o [5]
UART_WaitOnFlagUntilTimeout
                         0x800'2e81   0x8c  Code  Gb  stm32l4xx_hal_uart.o [5]
USART1_IRQHandler        0x800'434d         Code  Wk  startup_stm32l475xx.o [2]
USART2_IRQHandler        0x800'4351         Code  Wk  startup_stm32l475xx.o [2]
USART3_IRQHandler        0x800'4355         Code  Wk  startup_stm32l475xx.o [2]
Unlock_Sensor            0x800'31ab   0x20  Code  Gb  Sensors.o [3]
UsageFault_Handler       0x800'41e9    0x2  Code  Gb  stm32l4xx_it.o [3]
WWDG_IRQHandler          0x800'42bd         Code  Wk  startup_stm32l475xx.o [2]
__NVIC_SetPriority       0x800'1a9d   0x1a  Code  Lc  stm32l4xx_hal_cortex.o [5]
__aeabi_ldiv0            0x800'4105         Code  Gb  I64DivZer.o [8]
__aeabi_memset           0x800'3efd         Code  Gb  ABImemset.o [8]
__cmain                  0x800'4231         Code  Gb  cmain.o [8]
__exit                   0x800'4265   0x14  Code  Gb  exit.o [9]
__iar_Memset             0x800'3efd         Code  Gb  ABImemset.o [8]
__iar_Memset_word        0x800'3f05         Code  Gb  ABImemset.o [8]
__iar_copy_init3         0x800'0a07   0x2a  Code  Gb  copy_init3.o [8]
__iar_data_init3         0x800'4171   0x28  Code  Gb  data_init.o [8]
__iar_init_vfp           0x800'4199         Code  Gb  fpinit_M.o [7]
__iar_program_start      0x800'4279         Code  Gb  cstartup_M.o [8]
__iar_small_uldivmod     0x800'3fb5         Code  Gb  I64DivMod_small.o [8]
__iar_sqrt32             0x800'40e5         Code  Gb  sqrtf.o [7]
__iar_zero_init3         0x800'4107   0x38  Code  Gb  zero_init3.o [8]
__low_level_init         0x800'424f    0x4  Code  Gb  low_level_init.o [6]
__vector_table           0x800'0000         Data  Gb  startup_stm32l475xx.o [2]
_call_main               0x800'423d         Code  Gb  cmain.o [8]
_exit                    0x800'4259         Code  Gb  cexit.o [8]
exit                     0x800'4253    0x4  Code  Gb  exit.o [6]
g_tSensor               0x2000'02a0  0x1c0  Data  Gb  Sensors.o [3]
hadc1                   0x2000'0010   0x64  Data  Gb  main.o [3]
hi2c1                   0x2000'0160   0x54  Data  Gb  main.o [3]
hi2c2                   0x2000'01b4   0x54  Data  Gb  main.o [3]
hspi2                   0x2000'0074   0x64  Data  Gb  main.o [3]
htim1                   0x2000'0208   0x4c  Data  Gb  main.o [3]
htim4                   0x2000'0254   0x4c  Data  Gb  main.o [3]
huart1                  0x2000'00d8   0x88  Data  Gb  main.o [3]
main                     0x800'0d79  0x4cc  Code  Gb  main.o [3]
memset                   0x800'1545   0x14  Code  Gb  memset.o [8]
sqrtf                    0x800'40e5         Code  Gb  sqrtf.o [7]
uwTick                  0x2000'0004    0x4  Data  Gb  stm32l4xx_hal.o [5]
uwTickFreq              0x2000'0000    0x1  Data  Gb  stm32l4xx_hal.o [5]
uwTickPrio              0x2000'0008    0x4  Data  Gb  stm32l4xx_hal.o [5]


[1] = C:\Users\ophir.parnassa\Documents\GitHub\QIF_UNIFIED_SW\Unified System SW\EWARM\Unified System\Obj
[2] = C:\Users\ophir.parnassa\Documents\GitHub\QIF_UNIFIED_SW\Unified System SW\EWARM\Unified System\Obj\Application\EWARM
[3] = C:\Users\ophir.parnassa\Documents\GitHub\QIF_UNIFIED_SW\Unified System SW\EWARM\Unified System\Obj\Application\User\Core
[4] = C:\Users\ophir.parnassa\Documents\GitHub\QIF_UNIFIED_SW\Unified System SW\EWARM\Unified System\Obj\Drivers\CMSIS
[5] = C:\Users\ophir.parnassa\Documents\GitHub\QIF_UNIFIED_SW\Unified System SW\EWARM\Unified System\Obj\Drivers\STM32L4xx_HAL_Driver
[6] = dl7M_tln.a
[7] = m7M_tls.a
[8] = rt7M_tl.a
[9] = shb_l.a

  17'288 bytes of readonly  code memory
     112 bytes of readonly  data memory
   2'148 bytes of readwrite data memory

Errors: none
Warnings: none
